creating quadratic features for pairs: Tf ff 
final_regressor = models/0002a.model
Num weight bits = 18
learning rate = 10
initial_t = 1
power_t = 0
using no cache
Reading from train-sets/0002.dat
num sources = 1
average    since         example     example  current  current  current
loss       last          counter      weight    label  predict features
0.146961   0.146961            3         3.0   0.5498   0.2139      197
0.088648   0.030335            6         6.0   0.2681   0.3526      197
0.054454   0.013420           11        11.0   0.4315   0.3625      197
0.053602   0.052750           22        22.0   0.5519   0.5997      197
0.029409   0.005217           44        44.0   0.5514   0.6246      197
0.021964   0.014346           87        87.0   0.5140   0.4802      197
0.015185   0.008405          174       174.0   0.5596   0.5475      197
0.010506   0.005828          348       348.0   0.5475   0.5311      197
0.006639   0.002771          696       696.0   0.3421   0.3810      197
0.004005   0.001372         1392      1392.0   0.4996   0.5428      197
0.002428   0.000851         2784      2784.0   0.5090   0.5147      197
0.001479   0.000530         5568      5568.0   0.6413   0.6267      197
0.001099   0.000719        11135     11135.0   0.3869   0.4150      197
0.000927   0.000756        22269     22269.0   0.5063   0.5043      197
0.000974   0.001021        44537     44537.0   0.4905   0.4760      197

finished run
number of examples = 74746
weighted example sum = 6.952e+04
weighted label sum = 3.511e+04
average loss = 0.001016
best constant = 0.5051
best constant's loss = 0.25
total feature number = 14724962
