Num weight bits = 18
learning rate = 10
initial_t = 10
power_t = 0.5
using no cache
Reading datafile = train-sets/rcv1_small.dat
num sources = 1
average    since         example     example  current  current  current
loss       last          counter      weight    label  predict features
1.000000   1.000000            1       490.2   1.0000   0.0000       50
0.984897   0.929047           61       622.7   1.0000  -0.1466       36
0.864012   0.381178          129       778.6  unknown  -0.6054      101
0.772826   0.408478          198       973.5  unknown  -0.2352      164
0.706354   0.445358          282      1221.5  -1.0000  -0.1540      113
0.621845   0.284296          469      1527.3  unknown  -0.8466       82
0.552602   0.276027          709      1909.6  unknown   1.0000       21
0.513292   0.356085         1028      2387.2  -1.0000   0.0081       89
0.448998   0.191867         1325      2984.0  unknown   0.4560       71
0.391580   0.161933         1754      3730.1  unknown   0.6267       51
0.363238   0.249925         2133      4663.1  unknown   0.0803       59
0.344991   0.275233         2972      5882.9  -1.0000  -0.6096       73
0.304252   0.154648         3683      7484.8   1.0000   1.0000       48
0.283613   0.201072         4530      9356.3  unknown  -0.7365      152
0.271031   0.222384         6118     11776.3  -1.0000  -0.9324       36
0.244890   0.140326         7570     14720.5  unknown  -0.8043       42

finished run
number of examples per pass = 10000
passes used = 1
weighted example sum = 17941.2
weighted label sum = -1691.94
average loss = 0.223426
best constant = -0.194903
total feature number = 779394
total queries = 801

