only testing
Num weight bits = 18
learning rate = 10
initial_t = 1
power_t = 0.5
predictions = bs.prvote.multi.predict
using no cache
Reading datafile = train-sets/0001.multi.dat
num sources = 1
average    since         example     example  current  current  current
loss       last          counter      weight    label  predict features
0.027519   0.027519            1         1.0   1.0000   1.1659       51
0.017924   0.008329            2         2.0   0.0000   0.0913      104
0.033363   0.048801            4         4.0   0.0000   0.1190      135
0.091032   0.148702            8         8.0   0.0000  -0.0943      146
0.145818   0.200604           16        16.0   1.0000   0.9213       24
0.305401   0.464983           32        32.0   0.0000   0.2119       32
0.250688   0.195975           64        64.0   0.0000  -0.1311       61
0.220722   0.190757          128       128.0   1.0000   0.9586      106

finished run
number of examples per pass = 200
passes used = 1
weighted example sum = 200
weighted label sum = 0
average loss = 0.246666
best constant = -0.00502513
total feature number = 15482
