only testing
Num weight bits = 18
learning rate = 10
initial_t = 1
power_t = 0.5
predictions = bs.prvote.predict
using no cache
Reading datafile = train-sets/0001.dat
num sources = 1
average    since         example     example  current  current  current
loss       last          counter      weight    label  predict features
0.271921   0.271921            1         1.0   1.0000   0.4785       51
0.296233   0.320545            2         2.0   0.0000   0.5662      104
0.205318   0.114402            4         4.0   0.0000   0.2516      135
0.134456   0.063595            8         8.0   0.0000   0.1921      146
0.110978   0.087500           16        16.0   1.0000   0.6905       24
0.092083   0.073187           32        32.0   0.0000   0.3260       32
0.078698   0.065313           64        64.0   0.0000   0.1242       61
0.067919   0.057140          128       128.0   1.0000   0.8145      106

finished run
number of examples per pass = 200
passes used = 1
weighted example sum = 200
weighted label sum = 0
average loss = 0.0644692
best constant = -0.00502513
total feature number = 15482
