final_regressor = models/bs.reg.model
Num weight bits = 18
learning rate = 0.5
initial_t = 0
power_t = 0.5
predictions = bs.reg.predict
using no cache
Reading datafile = train-sets/0002.dat
num sources = 1
average    since         example     example  current  current  current
loss       last          counter      weight    label  predict features
0.181248   0.181248            3         3.0   0.5498   0.2933       15
0.104201   0.027153            6         6.0   0.2681   0.0000       15
0.095087   0.084152           11        11.0   0.4315   0.0000       15
0.073689   0.052290           22        22.0   0.5519   0.4718       15
0.039667   0.005644           44        44.0   0.5514   0.5935       15
0.034836   0.029893           87        87.0   0.5140   0.3480       15
0.022166   0.009495          174       174.0   0.5596   0.5900       15
0.012981   0.003796          348       348.0   0.5475   0.5437       15
0.007235   0.001490          696       696.0   0.3421   0.3205       15
0.004011   0.000786         1392      1392.0   0.4996   0.4944       15
0.002204   0.000397         2784      2784.0   0.5090   0.5123       15
0.001286   0.000368         5568      5568.0   0.6413   0.5798       15
0.000874   0.000462        11135     11135.0   0.3869   0.4438       15
0.000645   0.000415        22269     22269.0   0.5063   0.5156       15
0.000640   0.000636        44537     44537.0   0.4905   0.4893       15

finished run
number of examples per pass = 74746
passes used = 1
weighted example sum = 69521
weighted label sum = 0
average loss = 0.000808154
best constant = 0
total feature number = 1119986
