final_regressor = models/bs.vote.model
Num weight bits = 18
learning rate = 0.5
initial_t = 0
power_t = 0.5
predictions = bs.vote.predict
using no cache
Reading datafile = train-sets/0001.dat
num sources = 1
average    since         example     example  current  current  current
loss       last          counter      weight    label  predict features
1.000000   1.000000            1         1.0   1.0000   0.0000       51
0.500851   0.001702            2         2.0   0.0000   0.0413      104
0.250819   0.000786            4         4.0   0.0000   0.0142      135
0.249190   0.247560            8         8.0   0.0000   0.1966      146
0.251954   0.254719           16        16.0   1.0000   0.3081       24
0.254812   0.257671           32        32.0   0.0000   0.1964       32
0.240693   0.226574           64        64.0   0.0000   0.2257       61
0.235389   0.230084          128       128.0   1.0000   0.6580      106

finished run
number of examples per pass = 200
passes used = 1
weighted example sum = 200
weighted label sum = 0
average loss = 0.209591
best constant = 0
total feature number = 15482
