-0.565582	|user A |item 6 blue
0.578713	|user A |item 4 red
-0.00550145	|user B |item 3 blue
0.640881	|user B |item 6 blue
