creating quadratic features for pairs: ui 
final_regressor = models/recommend.model
Num weight bits = 10
learning rate = 0.5
initial_t = 0
power_t = 0.5
decay_learning_rate = 1
creating cache_file = recommend.cache
Reading datafile = train-sets/recommend-purchases.vw
num sources = 1
average    since         example     example  current  current  current
loss       last          counter      weight    label  predict features
1.194111   1.194111            3         3.0  -1.0000   0.0277        6
0.951322   0.708533            6         6.0   1.0000  -0.0607        6
0.686139   0.367921           11        11.0   1.0000   1.0000        6
0.407347   0.128555           22        22.0   1.0000   0.8548        6
0.214043   0.020739           44        44.0  -1.0000  -0.8816        6

finished run
number of examples per pass = 7
passes used = 10
weighted example sum = 70
weighted label sum = 10
average loss = 0.13498
best constant = 0.142857
total feature number = 420
