Num weight bits = 10
learning rate = 0.5
initial_t = 0
power_t = 0.5
using no cache
Reading datafile = 
num sources = 0
