Num weight bits = 18
learning rate = 0.5
initial_t = 0
power_t = 0.5
final_regressor = models/remask.model
using no cache
Reading datafile = train-sets/0001.dat
num sources = 1
average    since         example     example  current  current  current
loss       last          counter      weight    label  predict features
0.000000   0.000000            1         1.0   1.0000   1.0000       51
0.148622   0.297245            2         2.0   0.0000   0.5452      104
0.110203   0.071783            4         4.0   0.0000   0.1001      135
0.075326   0.040448            8         8.0   0.0000   0.0000      146
0.059234   0.043143           16        16.0   1.0000   0.7544       24
0.041634   0.024034           32        32.0   0.0000   0.1230       32
0.040298   0.038962           64        64.0   0.0000   0.1012       61
0.036985   0.033673          128       128.0   1.0000   0.8410      106

finished run
number of examples per pass = 200
passes used = 1
weighted example sum = 200
weighted label sum = 91
average loss = 0.0327122
best constant = 0.455
best constant's loss = 0.247975
total feature number = 15482
