Num weight bits = 19
learning rate = 10
initial_t = 1
power_t = 0.5
decay_learning_rate = 1
creating cache_file = train-sets/wsj_small.dat.gz.cache
Reading from train-sets/wsj_small.dat.gz
num sources = 1
average    since      sequence         example            current label      current predicted  current   cur   cur         predic.        examples
loss       last        counter          weight          sequence prefix        sequence prefix features  pass   pol            made          gener.
22.000000  22.000000         3        3.000000   [14 10 13 9 1 2 1 4..] [11 15 9 1 10 2 11 ..]     2659     0     0              93              64
23.333333  24.666667         6        6.000000   [19 2 22 4 3 9 1 1 ..] [19 11 11 11 11 11 ..]     3324     0     0             196             160
20.818182  17.800000        11       11.000000   [29 4 3 9 1 1 23 8 ..] [10 2 3 9 1 6 21 29..]     1424     0     0             328             312
15.863636  10.909091        22       22.000000   [11 11 21 3 10 13 3..] [11 11 21 3 1 2 3 1..]     3419     0     0             613             576
12.772727  9.681818         44       44.000000   [3 26 9 1 4 3 1 2 5..] [3 11 11 1 2 3 1 2 ..]     1139     0     0            1120            1107
10.965517  9.116279         87       87.000000   [11 11 12 9 1 2 11 ..] [11 11 12 11 1 2 11..]     2564     1     1           13455            2192

finished run
number of examples = 156
weighted example sum = 156
weighted label sum = 0
average loss = 8.487
best constant = -0.006452
total feature number = 7818222
