switching to BILOU encoding for sequence span labeling
