Num weight bits = 18
learning rate = 10
initial_t = 1
power_t = 0.5
cannot have --sequence_transition_file and zero history length, setting history length to 1
creating cache_file = train-sets/wsj_small.dat.gz.cache
Reading from train-sets/wsj_small.dat.gz
num sources = 1
average    since      sequence         example            current label      current predicted  current   cur   cur         predic.        examples
loss       last        counter          weight          sequence prefix        sequence prefix features  pass   pol            made          gener.
0.810811   0.810811          1       37.000000   [  1   2   3   1   4 ] [  1   1   1   1   1 ]     1654     0     0              37               0
0.734375   0.629630          2       64.000000   [ 11   2   3  11  11 ] [ 11  11   9  11   9 ]     1194     0     0             839              37
0.698925   0.620690          3       93.000000   [ 14  10  13   9   1 ] [ 11  15  16   1   9 ]     1286     0     0            1461              64
0.697674   0.694444          4      129.000000   [  3   4   6   3   1 ] [ 11  11   2   3  11 ]     1608     0     0            2094              93
0.681250   0.612903          5      160.000000   [ 19   3  10   2   1 ] [  2   3   1   2   1 ]     1378     0     0            2907             129
0.642857   0.472222          6      196.000000   [ 19   2  22   4   3 ] [ 19   2  11  11  11 ]     1608     0     0            3622             160
0.638298   0.615385          7      235.000000   [ 10   2   3   1  10 ] [  1   2  11   1   1 ]     1746     0     0            4430             196
0.575071   0.449153         12      353.000000   [  5  12  11  11  21 ] [ 11  12   9   1  21 ]     1102     0     0            7507             328
0.460227   0.344729         25      704.000000   [ 10  13  22   4   9 ] [ 10  13  22   4   5 ]     1148     0     0           15639             678
0.386460   0.313725         57     1418.000000   [ 19   1   4   6  36 ] [ 19   1   4   1   5 ]     2252     0     0           31218            1368

finished run
number of examples = 78
weighted example sum = 1932
weighted label sum = 0
average loss = 0.3577
best constant = -0.0005179
total feature number = 85128
