creating cubic features for triples: abc 
final_regressor = models/xxor.model
Num weight bits = 18
learning rate = 0.5
initial_t = 0
power_t = 0.5
decay_learning_rate = 1
creating cache_file = train-sets/xxor.dat.cache
Reading from train-sets/xxor.dat
num sources = 1
average    since         example     example  current  current  current
loss       last          counter      weight    label  predict features
0.353808   0.353808            3         3.0   0.0000   0.1697        5
0.462301   0.570794            6         6.0   1.0000   0.1341        5
0.373157   0.266185           11        11.0   0.0000   0.3853        5
0.302361   0.231565           22        22.0   1.0000   0.5059        5
0.221277   0.140193           44        44.0   1.0000   0.6403        5
0.148307   0.073640           87        87.0   1.0000   0.7826        5
0.086644   0.024981          174       174.0   1.0000   0.8929        5
0.045172   0.003700          348       348.0   1.0000   0.9730        5
0.022646   0.000121          696       696.0   0.0000   0.0012        5

finished run
number of examples = 800
weighted example sum = 800
weighted label sum = 400
average loss = 0.0197
best constant = 0.5
best constant's loss = 0.25
total feature number = 4000
